// Jest Snapshot v1, https://goo.gl/fbAQLP

exports[`Input it renders correctly 1`] = `ShallowWrapper {}`;

exports[`Input renders correctly it renders correctly 1`] = `ShallowWrapper {}`;
